
> fern@ seed /Users/namananand/Desktop/open-source/fern
> node --enable-source-maps packages/seed/dist/cli.cjs "test" "--generator" "rust-sdk" "--fixture" "examples"

+ bash /private/var/folders/b6/d3f6d3v16r19hd797pdxsfv40000gn/T/tmp-21106-0yIgDOWdPrR7

> fern@ fern:build /Users/namananand/Desktop/open-source/fern
> cross-env POSTHOG_API_KEY="" pnpm --filter @fern-api/cli dist:cli:prod && echo 'Run node --enable-source-maps packages/cli/cli/dist/prod/cli.cjs'


> @fern-api/rust-sdk@0.0.0 dist:cli /Users/namananand/Desktop/open-source/fern/generators/rust/sdk
> rm -rf ./lib && rm -rf ./dist && pnpm compile && node build.mjs


> @fern-api/rust-sdk@0.0.0 compile /Users/namananand/Desktop/open-source/fern/generators/rust/sdk
> tsc --build


> @fern-api/cli@0.0.0 dist:cli:prod /Users/namananand/Desktop/open-source/fern/packages/cli/cli
> pnpm compile && node build.prod.cjs


> @fern-api/cli@0.0.0 compile /Users/namananand/Desktop/open-source/fern/packages/cli/cli
> tsc --build

CLI Building entry: src/cli.ts
CLI Using tsconfig: tsconfig.json
CLI tsup v8.5.0
CLI Target: esnext
CJS Build start
✘ [ERROR] Could not resolve "@fern-api/rust-base/lib/constants"

    ../../../generators/rust/dynamic-snippets/lib/context/DynamicSnippetsGeneratorContext.js:3:30:
      3 │ import { RUST_KEYWORDS } from "@fern-api/rust-base/lib/constants";
        ╵                               ~~~~~~~~~~~~~~~~~~~~~~~~~~~~~~~~~~~

  The path "./lib/constants" is not exported by package "@fern-api/rust-base":

    ../../../generators/rust/dynamic-snippets/node_modules/@fern-api/rust-base/package.json:11:13:
      11 │   "exports": {
         ╵              ^

  You can mark the path "@fern-api/rust-base/lib/constants" as external to exclude it from the bundle, which will remove this error and leave the unresolved path in the bundle.

CLI Building entry: src/cli.ts
CLI Using tsconfig: tsconfig.json
CLI tsup v8.5.0
CLI Using tsup config: /Users/namananand/Desktop/open-source/fern/generators/rust/sdk/tsup.config.ts
CLI Target: esnext
CLI Cleaning output folder
CJS Build start
✘ [ERROR] Could not resolve "@fern-api/rust-base/lib/constants"

    ../dynamic-snippets/lib/context/DynamicSnippetsGeneratorContext.js:3:30:
      3 │ import { RUST_KEYWORDS } from "@fern-api/rust-base/lib/constants";
        ╵                               ~~~~~~~~~~~~~~~~~~~~~~~~~~~~~~~~~~~

  The path "./lib/constants" is not exported by package "@fern-api/rust-base":

    ../dynamic-snippets/node_modules/@fern-api/rust-base/package.json:11:13:
      11 │   "exports": {
         ╵              ^

  You can mark the path "@fern-api/rust-base/lib/constants" as external to exclude it from the bundle, which will remove this error and leave the unresolved path in the bundle.

CJS Build failed
/Users/namananand/Desktop/open-source/fern/node_modules/.pnpm/esbuild@0.25.10/node_modules/esbuild/lib/main.js:1467
  let error = new Error(text);
              ^

Error: Build failed with 1 error:
../dynamic-snippets/lib/context/DynamicSnippetsGeneratorContext.js:3:30: ERROR: Could not resolve "@fern-api/rust-base/lib/constants"
    at failureErrorWithLog (/Users/namananand/Desktop/open-source/fern/node_modules/.pnpm/esbuild@0.25.10/node_modules/esbuild/lib/main.js:1467:15)
    at /Users/namananand/Desktop/open-source/fern/node_modules/.pnpm/esbuild@0.25.10/node_modules/esbuild/lib/main.js:926:25
    at runOnEndCallbacks (/Users/namananand/Desktop/open-source/fern/node_modules/.pnpm/esbuild@0.25.10/node_modules/esbuild/lib/main.js:1307:45)
    at buildResponseToResult (/Users/namananand/Desktop/open-source/fern/node_modules/.pnpm/esbuild@0.25.10/node_modules/esbuild/lib/main.js:924:7)
    at /Users/namananand/Desktop/open-source/fern/node_modules/.pnpm/esbuild@0.25.10/node_modules/esbuild/lib/main.js:951:16
    at responseCallbacks.<computed> (/Users/namananand/Desktop/open-source/fern/node_modules/.pnpm/esbuild@0.25.10/node_modules/esbuild/lib/main.js:603:9)
    at handleIncomingPacket (/Users/namananand/Desktop/open-source/fern/node_modules/.pnpm/esbuild@0.25.10/node_modules/esbuild/lib/main.js:658:12)
    at Socket.readFromStdout (/Users/namananand/Desktop/open-source/fern/node_modules/.pnpm/esbuild@0.25.10/node_modules/esbuild/lib/main.js:581:7)
    at Socket.emit (node:events:507:28)
    at addChunk (node:internal/streams/readable:559:12) {
  errors: [Getter/Setter],
  warnings: [Getter/Setter]
}

Node.js v24.4.1
/Users/namananand/Desktop/open-source/fern/generators/rust/sdk:
 ERR_PNPM_RECURSIVE_RUN_FIRST_FAIL  @fern-api/rust-sdk@0.0.0 dist:cli: `rm -rf ./lib && rm -rf ./dist && pnpm compile && node build.mjs`
Exit status 1
/Users/namananand/Desktop/open-source/fern/node_modules/.pnpm/execa@5.1.1/node_modules/execa/lib/error.js:60
		error = new Error(message);
		        ^


Error: Command failed with exit code 1: bash /private/var/folders/b6/d3f6d3v16r19hd797pdxsfv40000gn/T/tmp-21106-0yIgDOWdPrR7
✘ [ERROR] Could not resolve "@fern-api/rust-base/lib/constants"

    ../dynamic-snippets/lib/context/DynamicSnippetsGeneratorContext.js:3:30:
      3 │ import { RUST_KEYWORDS } from "@fern-api/rust-base/lib/constants";
        ╵                               ~~~~~~~~~~~~~~~~~~~~~~~~~~~~~~~~~~~

  The path "./lib/constants" is not exported by package "@fern-api/rust-base":

    ../dynamic-snippets/node_modules/@fern-api/rust-base/package.json:11:13:
      11 │   "exports": {
         ╵              ^

  You can mark the path "@fern-api/rust-base/lib/constants" as external to exclude it from the bundle, which will remove this error and leave the unresolved path in the bundle.

CJS Build failed
/Users/namananand/Desktop/open-source/fern/node_modules/.pnpm/esbuild@0.25.10/node_modules/esbuild/lib/main.js:1467
  let error = new Error(text);
              ^

Error: Build failed with 1 error:
../dynamic-snippets/lib/context/DynamicSnippetsGeneratorContext.js:3:30: ERROR: Could not resolve "@fern-api/rust-base/lib/constants"
    at failureErrorWithLog (/Users/namananand/Desktop/open-source/fern/node_modules/.pnpm/esbuild@0.25.10/node_modules/esbuild/lib/main.js:1467:15)
    at /Users/namananand/Desktop/open-source/fern/node_modules/.pnpm/esbuild@0.25.10/node_modules/esbuild/lib/main.js:926:25
    at runOnEndCallbacks (/Users/namananand/Desktop/open-source/fern/node_modules/.pnpm/esbuild@0.25.10/node_modules/esbuild/lib/main.js:1307:45)
    at buildResponseToResult (/Users/namananand/Desktop/open-source/fern/node_modules/.pnpm/esbuild@0.25.10/node_modules/esbuild/lib/main.js:924:7)
    at /Users/namananand/Desktop/open-source/fern/node_modules/.pnpm/esbuild@0.25.10/node_modules/esbuild/lib/main.js:951:16
    at responseCallbacks.<computed> (/Users/namananand/Desktop/open-source/fern/node_modules/.pnpm/esbuild@0.25.10/node_modules/esbuild/lib/main.js:603:9)
    at handleIncomingPacket (/Users/namananand/Desktop/open-source/fern/node_modules/.pnpm/esbuild@0.25.10/node_modules/esbuild/lib/main.js:658:12)
    at Socket.readFromStdout (/Users/namananand/Desktop/open-source/fern/node_modules/.pnpm/esbuild@0.25.10/node_modules/esbuild/lib/main.js:581:7)
    at Socket.emit (node:events:507:28)
    at addChunk (node:internal/streams/readable:559:12) {
  errors: [Getter/Setter],
  warnings: [Getter/Setter]
}

Node.js v24.4.1

> @fern-api/rust-sdk@0.0.0 dist:cli /Users/namananand/Desktop/open-source/fern/generators/rust/sdk
> rm -rf ./lib && rm -rf ./dist && pnpm compile && node build.mjs


> @fern-api/rust-sdk@0.0.0 compile /Users/namananand/Desktop/open-source/fern/generators/rust/sdk
> tsc --build

CLI Building entry: src/cli.ts
CLI Using tsconfig: tsconfig.json
CLI tsup v8.5.0
CLI Using tsup config: /Users/namananand/Desktop/open-source/fern/generators/rust/sdk/tsup.config.ts
CLI Target: esnext
CLI Cleaning output folder
CJS Build start
/Users/namananand/Desktop/open-source/fern/generators/rust/sdk:
 ERR_PNPM_RECURSIVE_RUN_FIRST_FAIL  @fern-api/rust-sdk@0.0.0 dist:cli: `rm -rf ./lib && rm -rf ./dist && pnpm compile && node build.mjs`
Exit status 1
    at makeError (/Users/namananand/Desktop/open-source/fern/node_modules/.pnpm/execa@5.1.1/node_modules/execa/lib/error.js:60:11)
    at handlePromise (/Users/namananand/Desktop/open-source/fern/node_modules/.pnpm/execa@5.1.1/node_modules/execa/index.js:118:26)
    at process.processTicksAndRejections (node:internal/process/task_queues:105:5)
    at async loggingExeca (/Users/namananand/Desktop/open-source/fern/packages/commons/logging-execa/src/loggingExeca.ts:50:20)
    at async runScript (/Users/namananand/Desktop/open-source/fern/packages/seed/src/runScript.ts:21:12)
    at async DockerTestRunner.build (/Users/namananand/Desktop/open-source/fern/packages/seed/src/commands/test/test-runner/DockerTestRunner.ts:20:35) {
  shortMessage: 'Command failed with exit code 1: bash /private/var/folders/b6/d3f6d3v16r19hd797pdxsfv40000gn/T/tmp-21106-0yIgDOWdPrR7',
  command: 'bash /private/var/folders/b6/d3f6d3v16r19hd797pdxsfv40000gn/T/tmp-21106-0yIgDOWdPrR7',
  escapedCommand: 'bash "/private/var/folders/b6/d3f6d3v16r19hd797pdxsfv40000gn/T/tmp-21106-0yIgDOWdPrR7"',
  exitCode: 1,
  signal: undefined,
  signalDescription: undefined,
  stdout: '\n' +
    '> @fern-api/rust-sdk@0.0.0 dist:cli /Users/namananand/Desktop/open-source/fern/generators/rust/sdk\n' +
    '> rm -rf ./lib && rm -rf ./dist && pnpm compile && node build.mjs\n' +
    '\n' +
    '\n' +
    '> @fern-api/rust-sdk@0.0.0 compile /Users/namananand/Desktop/open-source/fern/generators/rust/sdk\n' +
    '> tsc --build\n' +
    '\n' +
    'CLI Building entry: src/cli.ts\n' +
    'CLI Using tsconfig: tsconfig.json\n' +
    'CLI tsup v8.5.0\n' +
    'CLI Using tsup config: /Users/namananand/Desktop/open-source/fern/generators/rust/sdk/tsup.config.ts\n' +
    'CLI Target: esnext\n' +
    'CLI Cleaning output folder\n' +
    'CJS Build start\n' +
    '/Users/namananand/Desktop/open-source/fern/generators/rust/sdk:\n' +
    ' ERR_PNPM_RECURSIVE_RUN_FIRST_FAIL  @fern-api/rust-sdk@0.0.0 dist:cli: `rm -rf ./lib && rm -rf ./dist && pnpm compile && node build.mjs`\n' +
    'Exit status 1',
  stderr: '✘ [ERROR] Could not resolve "@fern-api/rust-base/lib/constants"\n' +
    '\n' +
    '    ../dynamic-snippets/lib/context/DynamicSnippetsGeneratorContext.js:3:30:\n' +
    '      3 │ import { RUST_KEYWORDS } from "@fern-api/rust-base/lib/constants";\n' +
    '        ╵                               ~~~~~~~~~~~~~~~~~~~~~~~~~~~~~~~~~~~\n' +
    '\n' +
    '  The path "./lib/constants" is not exported by package "@fern-api/rust-base":\n' +
    '\n' +
    '    ../dynamic-snippets/node_modules/@fern-api/rust-base/package.json:11:13:\n' +
    '      11 │   "exports": {\n' +
    '         ╵              ^\n' +
    '\n' +
    '  You can mark the path "@fern-api/rust-base/lib/constants" as external to exclude it from the bundle, which will remove this error and leave the unresolved path in the bundle.\n' +
    '\n' +
    'CJS Build failed\n' +
    '/Users/namananand/Desktop/open-source/fern/node_modules/.pnpm/esbuild@0.25.10/node_modules/esbuild/lib/main.js:1467\n' +
    '  let error = new Error(text);\n' +
    '              ^\n' +
    '\n' +
    'Error: Build failed with 1 error:\n' +
    '../dynamic-snippets/lib/context/DynamicSnippetsGeneratorContext.js:3:30: ERROR: Could not resolve "@fern-api/rust-base/lib/constants"\n' +
    '    at failureErrorWithLog (/Users/namananand/Desktop/open-source/fern/node_modules/.pnpm/esbuild@0.25.10/node_modules/esbuild/lib/main.js:1467:15)\n' +
    '    at /Users/namananand/Desktop/open-source/fern/node_modules/.pnpm/esbuild@0.25.10/node_modules/esbuild/lib/main.js:926:25\n' +
    '    at runOnEndCallbacks (/Users/namananand/Desktop/open-source/fern/node_modules/.pnpm/esbuild@0.25.10/node_modules/esbuild/lib/main.js:1307:45)\n' +
    '    at buildResponseToResult (/Users/namananand/Desktop/open-source/fern/node_modules/.pnpm/esbuild@0.25.10/node_modules/esbuild/lib/main.js:924:7)\n' +
    '    at /Users/namananand/Desktop/open-source/fern/node_modules/.pnpm/esbuild@0.25.10/node_modules/esbuild/lib/main.js:951:16\n' +
    '    at responseCallbacks.<computed> (/Users/namananand/Desktop/open-source/fern/node_modules/.pnpm/esbuild@0.25.10/node_modules/esbuild/lib/main.js:603:9)\n' +
    '    at handleIncomingPacket (/Users/namananand/Desktop/open-source/fern/node_modules/.pnpm/esbuild@0.25.10/node_modules/esbuild/lib/main.js:658:12)\n' +
    '    at Socket.readFromStdout (/Users/namananand/Desktop/open-source/fern/node_modules/.pnpm/esbuild@0.25.10/node_modules/esbuild/lib/main.js:581:7)\n' +
    '    at Socket.emit (node:events:507:28)\n' +
    '    at addChunk (node:internal/streams/readable:559:12) {\n' +
    '  errors: [Getter/Setter],\n' +
    '  warnings: [Getter/Setter]\n' +
    '}\n' +
    '\n' +
    'Node.js v24.4.1',
  failed: true,
  timedOut: false,
  isCanceled: false,
  killed: false
}

Node.js v24.4.1
 ELIFECYCLE  Command failed with exit code 1.
