// Vitest Snapshot v1, https://vitest.dev/guide/snapshot.html

exports[`Reference > toStringSameReferenceTwice > Should generate a simple snippet using duplicate references 1`] = `
"import defaultReference, { nonDefaultReference } from "module";
defaultReference;
defaultReference;
nonDefaultReference;
nonDefaultReference;
localReference;
localReference;
"
`;

exports[`Reference > toStringWithDefaultAndNondefault > Should generate a simple reference with multiple default and non-default references 1`] = `
"import ReferenceA1, { ReferenceA2, ReferenceA3 } from "moduleA";
import ReferenceB1 from "moduleB";
import { ReferenceC1 } from "moduleC";
ReferenceA1;
ReferenceA2;
ReferenceA3;
ReferenceB1;
ReferenceC1;
"
`;

exports[`Reference > toStringWithDefaultImport > Should generate a simple reference with a default-exported reference 1`] = `
"import defaultReference from "Module";
defaultReference;
"
`;

exports[`Reference > toStringWithMultipleNonDefaultImport > Should generate a simple reference with multiple non-default references 1`] = `
"import { Reference1, Reference2, Reference3 } from "module";
Reference1;
Reference2;
Reference3;
"
`;

exports[`Reference > toStringWithSingleNonDefaultImport > Should generate a simple reference with a single non-default reference 1`] = `
"import { Reference } from "module";
Reference;
"
`;
